// Jest Snapshot v1, https://goo.gl/fbAQLP

exports[`should match with snapshot input 1`] = `
<View
  style={
    {
      "margin": 10,
    }
  }
>
  <TextInput
    editable={true}
    multiline={true}
    style={
      {
        "borderColor": "#bdbdbd",
        "borderRadius": 5,
        "borderWidth": 1,
        "color": "#000000",
        "fontSize": 16,
        "height": 952.8571428571429,
        "margin": 5,
        "padding": 10,
        "width": 681.8181818181818,
      }
    }
    testID="input-test"
    textAlignVertical="top"
  />
</View>
`;
